

/* Aim : Study of Open Source Relational Databases : MySQL */



mmcoe@mmcoe-desktop:~$ mysql -u root -p
Enter password: 
Welcome to the MySQL monitor.  Commands end with ; or \g.
Your MySQL connection id is 7
Server version: 5.7.18-0ubuntu0.16.04.1 (Ubuntu)

Copyright (c) 2000, 2016, Oracle and/or its affiliates. All rights reserved.

Oracle is a registered trademark of Oracle Corporation and/or its
affiliates. Other names may be trademarks of their respective
owners.

Type 'help;' or '\h' for help. Type '\c' to clear the current input statement.

mysql> show databases
    -> show databases;
ERROR 1064 (42000): You have an error in your SQL syntax; check the manual that corresponds to your MySQL server version for the right syntax to use near 'show databases' at line 2
mysql> show databases;
+--------------------+
| Database           |
+--------------------+
| information_schema |
| NEW                |
| ass1               |
| bank               |
| college            |
| gb                 |
| mysql              |
| performance_schema |
| sales              |
| stud1              |
| student            |
| sys                |
+--------------------+
12 rows in set (0.89 sec)

mysql> use NEW
Reading table information for completion of table and column names
You can turn off this feature to get a quicker startup with -A

Database changed


mysql> create table employee(empid int,name varchar(20),dept varchar(20),salary int,primary key(empid));
Query OK, 0 rows affected (0.78 sec)

mysql> desc employee
    -> ;
+--------+-------------+------+-----+---------+-------+
| Field  | Type        | Null | Key | Default | Extra |
+--------+-------------+------+-----+---------+-------+
| empid  | int(11)     | NO   | PRI | NULL    |       |
| name   | varchar(20) | YES  |     | NULL    |       |
| dept   | varchar(20) | YES  |     | NULL    |       |
| salary | int(11)     | YES  |     | NULL    |       |
+--------+-------------+------+-----+---------+-------+
4 rows in set (0.03 sec)

mysql> insert into employee(empid,name,dept,salary) values(101,'dnyaneshwar','student',000),(102,'amit','staff',10000);
Query OK, 2 rows affected (0.09 sec)
Records: 2  Duplicates: 0  Warnings: 0

mysql> desc employee
    -> ;
+--------+-------------+------+-----+---------+-------+
| Field  | Type        | Null | Key | Default | Extra |
+--------+-------------+------+-----+---------+-------+
| empid  | int(11)     | NO   | PRI | NULL    |       |
| name   | varchar(20) | YES  |     | NULL    |       |
| dept   | varchar(20) | YES  |     | NULL    |       |
| salary | int(11)     | YES  |     | NULL    |       |
+--------+-------------+------+-----+---------+-------+
4 rows in set (0.00 sec)

mysql> select * from employee;
+-------+-------------+---------+--------+
| empid | name        | dept    | salary |
+-------+-------------+---------+--------+
|   101 | dnyaneshwar | student |      0 |
|   102 | amit        | staff   |  10000 |
+-------+-------------+---------+--------+
2 rows in set (0.00 sec)

mysql> insert into employee(empid,name,dept,salary) values(103,'prasad','student',000),(104,'neha','teaching',40000);
Query OK, 2 rows affected (0.06 sec)
Records: 2  Duplicates: 0  Warnings: 0

mysql> select * from employee;
+-------+-------------+----------+--------+
| empid | name        | dept     | salary |
+-------+-------------+----------+--------+
|   101 | dnyaneshwar | student  |      0 |
|   102 | amit        | staff    |  10000 |
|   103 | prasad      | student  |      0 |
|   104 | neha        | teaching |  40000 |
+-------+-------------+----------+--------+
4 rows in set (0.00 sec)

mysql> update employee set dept='marketing' where dept='student';
Query OK, 2 rows affected (0.10 sec)
Rows matched: 2  Changed: 2  Warnings: 0

mysql> select * from employee;
+-------+-------------+-----------+--------+
| empid | name        | dept      | salary |
+-------+-------------+-----------+--------+
|   101 | dnyaneshwar | marketing |      0 |
|   102 | amit        | staff     |  10000 |
|   103 | prasad      | marketing |      0 |
|   104 | neha        | teaching  |  40000 |
+-------+-------------+-----------+--------+
4 rows in set (0.00 sec)

mysql> update employee set salary=1500 where dept='marketing';
Query OK, 2 rows affected (0.06 sec)
Rows matched: 2  Changed: 2  Warnings: 0

mysql> select * from employee;
+-------+-------------+-----------+--------+
| empid | name        | dept      | salary |
+-------+-------------+-----------+--------+
|   101 | dnyaneshwar | marketing |   1500 |
|   102 | amit        | staff     |  10000 |
|   103 | prasad      | marketing |   1500 |
|   104 | neha        | teaching  |  40000 |
+-------+-------------+-----------+--------+
4 rows in set (0.00 sec)

mysql> select abs(name)  from employee;
+-----------+
| abs(name) |
+-----------+
|         0 |
|         0 |
|         0 |
|         0 |
+-----------+
4 rows in set, 4 warnings (0.06 sec)

mysql> select abs(salary) from employee;
+-------------+
| abs(salary) |
+-------------+
|        1500 |
|       10000 |
|        1500 |
|       40000 |
+-------------+
4 rows in set (0.00 sec)

mysql> select acos(salary) from employee;
+--------------+
| acos(salary) |
+--------------+
|         NULL |
|         NULL |
|         NULL |
|         NULL |
+--------------+
4 rows in set (0.03 sec)

mysql> select acos(empid) from employee;
+-------------+
| acos(empid) |
+-------------+
|        NULL |
|        NULL |
|        NULL |
|        NULL |
+-------------+
4 rows in set (0.00 sec)



mysql> select avg(salary) from employee;
+-------------+
| avg(salary) |
+-------------+
|  13250.0000 |
+-------------+
1 row in set (0.04 sec)

mysql> select max(salary) from employee;
+-------------+
| max(salary) |
+-------------+
|       40000 |
+-------------+
1 row in set (0.00 sec)

mysql> select count(salary) from employee;
+---------------+
| count(salary) |
+---------------+
|             4 |
+---------------+
1 row in set (0.00 sec)


mysql> select mod(salary,10) from employee;
+----------------+
| mod(salary,10) |
+----------------+
|              0 |
|              0 |
|              0 |
|              0 |
+----------------+
4 rows in set (0.00 sec)

mysql> select mod(empid,10.5) from employee;
+-----------------+
| mod(empid,10.5) |
+-----------------+
|             6.5 |
|             7.5 |
|             8.5 |
|             9.5 |
+-----------------+
4 rows in set (0.02 sec)


mysql> select encrypt(empid) from employee;
+----------------+
| encrypt(empid) |
+----------------+
| urw972Fd6juZc  |
| urBIhwSHaTYZk  |
| urjxL9gwgAivY  |
| urYDsShiWUUAs  |
+----------------+
4 rows in set, 1 warning (0.12 sec)

mysql> select * from employee;
+-------+-------------+-----------+--------+
| empid | name        | dept      | salary |
+-------+-------------+-----------+--------+
|   101 | dnyaneshwar | marketing |   1500 |
|   102 | amit        | staff     |  10000 |
|   103 | prasad      | marketing |   1500 |
|   104 | neha        | teaching  |  40000 |
+-------+-------------+-----------+--------+
4 rows in set (0.00 sec)

mysql> select * from employee where salary >1500 && dept='teaching';
+-------+------+----------+--------+
| empid | name | dept     | salary |
+-------+------+----------+--------+
|   104 | neha | teaching |  40000 |
+-------+------+----------+--------+
1 row in set (0.00 sec)

mysql> select * from employee where salary >1500 || dept='teaching';
+-------+------+----------+--------+
| empid | name | dept     | salary |
+-------+------+----------+--------+
|   102 | amit | staff    |  10000 |
|   104 | neha | teaching |  40000 |
+-------+------+----------+--------+
2 rows in set (0.00 sec)


mysql> select count(dept) from employee group by dept;
+-------------+
| count(dept) |
+-------------+
|           2 |
|           1 |
|           1 |
+-------------+
3 rows in set (0.01 sec)

mysql> select dept,count(dept) from employee group by dept;
+-----------+-------------+
| dept      | count(dept) |
+-----------+-------------+
| marketing |           2 |
| staff     |           1 |
| teaching  |           1 |
+-----------+-------------+
3 rows in set (0.00 sec)


mysql> select encrypt(empid) from employee;
+----------------+
| encrypt(empid) |
+----------------+
| SA10vBOPhAcMU  |
| SAFtqrz5HkNak  |
| SAu.HCpvZAxeI  |
| SAgBSEBcXhe6I  |
+----------------+
4 rows in set, 1 warning (0.00 sec)



mysql> select sqrt(salary) from employee;
+-------------------+
| sqrt(salary)      |
+-------------------+
| 38.72983346207417 |
|               100 |
| 38.72983346207417 |
|               200 |
+-------------------+
4 rows in set (0.00 sec)

mysql> select sqrt(25) from employee;
+----------+
| sqrt(25) |
+----------+
|        5 |
|        5 |
|        5 |
|        5 |
+----------+
4 rows in set (0.00 sec)


mysql> desc employee;
+--------+-------------+------+-----+---------+-------+
| Field  | Type        | Null | Key | Default | Extra |
+--------+-------------+------+-----+---------+-------+
| empid  | int(11)     | NO   | PRI | NULL    |       |
| name   | varchar(20) | YES  |     | NULL    |       |
| dept   | varchar(20) | YES  |     | NULL    |       |
| salary | int(11)     | YES  |     | NULL    |       |
+--------+-------------+------+-----+---------+-------+
4 rows in set (0.00 sec)

mysql> select * from employee;
+-------+-------------+-----------+--------+
| empid | name        | dept      | salary |
+-------+-------------+-----------+--------+
|   101 | dnyaneshwar | marketing |   1500 |
|   102 | amit        | staff     |  10000 |
|   103 | prasad      | marketing |   1500 |
|   104 | neha        | teaching  |  40000 |
+-------+-------------+-----------+--------+
4 rows in set (0.00 sec)


mysql> select bin(empid) from employee;
+------------+
| bin(empid) |
+------------+
| 1100101    |
| 1100110    |
| 1100111    |
| 1101000    |
+------------+
4 rows in set (0.01 sec)

mysql> select hex(empid) from employee;
+------------+
| hex(empid) |
+------------+
| 65         |
| 66         |
| 67         |
| 68         |
+------------+
4 rows in set (0.00 sec)

mysql> select ascii(empid) from employee;
+--------------+
| ascii(empid) |
+--------------+
|           49 |
|           49 |
|           49 |
|           49 |
+--------------+
4 rows in set (0.03 sec)

mysql> select ascii(name) from employee;
+-------------+
| ascii(name) |
+-------------+
|         100 |
|          97 |
|         112 |
|         110 |
+-------------+
4 rows in set (0.00 sec)

mysql> select ascii('s');
+------------+
| ascii('s') |
+------------+
|        115 |
+------------+
1 row in set (0.00 sec)


mysql> select salary from employee order by salary;
+--------+
| salary |
+--------+
|   1500 |
|   1500 |
|  10000 |
|  40000 |
+--------+
4 rows in set (0.00 sec)


mysql> select max(salary) from employee where dept='staff';
+-------------+
| max(salary) |
+-------------+
|       10000 |
+-------------+
1 row in set (0.00 sec)



mysql> select max(salary) from employee group by dept having max(salary)>1500;
+-------------+
| max(salary) |
+-------------+
|       10000 |
|       40000 |
+-------------+
2 rows in set (0.00 sec)

mysql> select dept, max(salary) from employee group by dept having max(salary)>1500;
+----------+-------------+
| dept     | max(salary) |
+----------+-------------+
| staff    |       10000 |
| teaching |       40000 |
+----------+-------------+
2 rows in set (0.00 sec)

mysql> select max(salary) from employee where salary>1500 ;
+-------------+
| max(salary) |
+-------------+
|       40000 |
+-------------+
1 row in set (0.00 sec)


mysql> create table testudent(roll_no int primary key,name text);
Query OK, 0 rows affected (0.35 sec)


mysql> drop table  testudent;
Query OK, 0 rows affected (0.19 sec)


mysql> create table testudent(roll_no int auto_increment primary key,name text);
Query OK, 0 rows affected (0.35 sec)


mysql> insert into testudent (name) values('dnyaneshwar');
Query OK, 1 row affected (0.06 sec)

mysql> select * from testudent;
+---------+-------------+
| roll_no | name        |
+---------+-------------+
|       1 | dnyaneshwar |
+---------+-------------+
1 row in set (0.00 sec)

mysql> insert into testudent (name) values('dnyaneshwar');

